------------------------------------------------------------
TimeQuest Timing Analyzer Summary
------------------------------------------------------------

Type  : Slow 1200mV 85C Model Setup 'clk'
Slack : -5.045
TNS   : -1194.016

Type  : Slow 1200mV 85C Model Hold 'clk'
Slack : 0.455
TNS   : 0.000

Type  : Slow 1200mV 85C Model Recovery 'clk'
Slack : -1.392
TNS   : -55.250

Type  : Slow 1200mV 85C Model Removal 'clk'
Slack : 1.599
TNS   : 0.000

Type  : Slow 1200mV 85C Model Minimum Pulse Width 'clk'
Slack : -3.000
TNS   : -736.091

Type  : Slow 1200mV 0C Model Setup 'clk'
Slack : -4.598
TNS   : -1092.079

Type  : Slow 1200mV 0C Model Hold 'clk'
Slack : 0.402
TNS   : 0.000

Type  : Slow 1200mV 0C Model Recovery 'clk'
Slack : -1.197
TNS   : -46.717

Type  : Slow 1200mV 0C Model Removal 'clk'
Slack : 1.474
TNS   : 0.000

Type  : Slow 1200mV 0C Model Minimum Pulse Width 'clk'
Slack : -3.000
TNS   : -736.091

Type  : Fast 1200mV 0C Model Setup 'clk'
Slack : -1.642
TNS   : -294.793

Type  : Fast 1200mV 0C Model Hold 'clk'
Slack : 0.184
TNS   : 0.000

Type  : Fast 1200mV 0C Model Recovery 'clk'
Slack : -0.731
TNS   : -29.541

Type  : Fast 1200mV 0C Model Removal 'clk'
Slack : 1.348
TNS   : 0.000

Type  : Fast 1200mV 0C Model Minimum Pulse Width 'clk'
Slack : -3.000
TNS   : -534.747

------------------------------------------------------------
